[
{"Column1":"sample cell"},
{"Column1":"","Column2":"sample cell"},
{"Column1":"","Column2":"sample cell"},
{"Column1":"","Column2":"sample cell"},
{"Column1":"","Column2":"sample cell"},
{"Column1":"","Column2":"sample cell"},
{"Column1":"","Column2":"sample cell"},
{"Column1":"","Column2":"sample cell"},
{"Column1":"","Column2":"sample cell"},
{"Column1":"","Column2":"sample cell"},
{"Column1":"","Column2":"sample cell"},
{"Column1":"","Column2":"sample cell"},
{"Column1":"","Column2":"sample cell"},
{"Column1":"","Column2":"sample cell"},
{"Column1":"","Column2":"sample cell"},
{"Column1":"","Column2":"sample cell"},
{"Column1":"","Column2":"sample cell"},
{"Column1":"","Column2":"sample cell"},
{"Column1":"","Column2":"sample cell"},
{"Column1":"","Column2":"sample cell"}
]
