[
{"0":"38","1":"true","2":"false","3":"4","4":"true","5":"2","6":"28","7":"false","8":"59","9":"47","10":"true","11":"44","12":"true","13":"2","14":"true","15":"true","16":"8","17":"true","18":"false","19":"67"}
]
