[
{"Column1":20,"Column2":false,"Column3":"","Column4":"","Column5":"","Column6":"","Column7":"","Column8":31,"Column9":"","Column10":"","Column11":40,"Column12":29,"Column13":false,"Column14":89,"Column15":"","Column16":39,"Column17":"","Column18":47,"Column19":"","Column20":true,"Column21":"","Column22":false,"Column23":true,"Column24":false,"Column25":true,"Column26":"","Column27":99,"Column28":"","Column29":42,"Column30":92,"Column31":"","Column32":false,"Column33":true,"Column34":28,"Column35":"","Column36":true,"Column37":"","Column38":78,"Column39":"","Column40":84,"Column41":"","Column42":"","Column43":false,"Column44":false,"Column45":"","Column46":75,"Column47":88,"Column48":true,"Column49":95,"Column50":""}
]
