[
{"0":"true","1":"true","2":"61","3":"true","4":"true","5":"false","6":"true","7":"74","8":"false","9":"false"}
]
