[
{"0":0,"1":53,"2":82,"3":false,"4":96,"5":57,"6":9,"7":true,"8":76,"9":false,"10":9,"11":67,"12":75,"13":true,"14":61,"15":true,"16":true,"17":true,"18":false,"19":false,"20":false,"21":78,"22":74,"23":12,"24":true,"25":28,"26":20,"27":true,"28":72,"29":0,"30":false,"31":32,"32":71,"33":true,"34":19,"35":82,"36":false,"37":83,"38":15,"39":false,"40":false,"41":4,"42":true,"43":80,"44":29,"45":35,"46":90,"47":38,"48":45,"49":false,"50":93,"51":true,"52":64,"53":true,"54":false,"55":77,"56":24,"57":16,"58":true,"59":true}
]
