[
{"Column1":"sample cell\n","Column2":"sample cell\n","Column3":"sample cell\n","Column4":"sample cell\n","Column5":"sample cell\n","Column6":"sample cell\n","Column7":"sample cell\n","Column8":"sample cell\n","Column9":"sample cell\n","Column10":"sample cell\n"},
{"Column1":"sample cell\n","Column2":"sample cell\n","Column3":"sample cell\n","Column4":"sample cell\n","Column5":"sample cell\n","Column6":"sample cell\n","Column7":"sample cell\n","Column8":"sample cell\n","Column9":"sample cell\n","Column10":"sample cell\n"},
{"Column1":"sample cell\n","Column2":"sample cell\n","Column3":"sample cell\n","Column4":"sample cell\n","Column5":"sample cell\n","Column6":"sample cell\n","Column7":"sample cell\n","Column8":"sample cell\n","Column9":"sample cell\n","Column10":"sample cell\n"},
{"Column1":"sample cell\n","Column2":"sample cell\n","Column3":"sample cell\n","Column4":"sample cell\n","Column5":"sample cell\n","Column6":"sample cell\n","Column7":"sample cell\n","Column8":"sample cell\n","Column9":"sample cell\n","Column10":"sample cell\n"},
{"Column1":"sample cell\n","Column2":"sample cell\n","Column3":"sample cell\n","Column4":"sample cell\n","Column5":"sample cell\n","Column6":"sample cell\n","Column7":"sample cell\n","Column8":"sample cell\n","Column9":"sample cell\n","Column10":"sample cell\n"},
{"Column1":"sample cell\n","Column2":"sample cell\n","Column3":"sample cell\n","Column4":"sample cell\n","Column5":"sample cell\n","Column6":"sample cell\n","Column7":"sample cell\n","Column8":"sample cell\n","Column9":"sample cell\n","Column10":"sample cell\n"},
{"Column1":"sample cell\n","Column2":"sample cell\n","Column3":"sample cell\n","Column4":"sample cell\n","Column5":"sample cell\n","Column6":"sample cell\n","Column7":"sample cell\n","Column8":"sample cell\n","Column9":"sample cell\n","Column10":"sample cell\n"},
{"Column1":"sample cell\n","Column2":"sample cell\n","Column3":"sample cell\n","Column4":"sample cell\n","Column5":"sample cell\n","Column6":"sample cell\n","Column7":"sample cell\n","Column8":"sample cell\n","Column9":"sample cell\n","Column10":"sample cell\n"},
{"Column1":"sample cell\n","Column2":"sample cell\n","Column3":"sample cell\n","Column4":"sample cell\n","Column5":"sample cell\n","Column6":"sample cell\n","Column7":"sample cell\n","Column8":"sample cell\n","Column9":"sample cell\n","Column10":"sample cell\n"},
{"Column1":"sample cell\n","Column2":"sample cell\n","Column3":"sample cell\n","Column4":"sample cell\n","Column5":"sample cell\n","Column6":"sample cell\n","Column7":"sample cell\n","Column8":"sample cell\n","Column9":"sample cell\n","Column10":"sample cell\n"},
{"Column1":"sample cell\n","Column2":"sample cell\n","Column3":"sample cell\n","Column4":"sample cell\n","Column5":"sample cell\n","Column6":"sample cell\n","Column7":"sample cell\n","Column8":"sample cell\n","Column9":"sample cell\n","Column10":"sample cell\n"},
{"Column1":"sample cell\n","Column2":"sample cell\n","Column3":"sample cell\n","Column4":"sample cell\n","Column5":"sample cell\n","Column6":"sample cell\n","Column7":"sample cell\n","Column8":"sample cell\n","Column9":"sample cell\n","Column10":"sample cell\n"},
{"Column1":"sample cell\n","Column2":"sample cell\n","Column3":"sample cell\n","Column4":"sample cell\n","Column5":"sample cell\n","Column6":"sample cell\n","Column7":"sample cell\n","Column8":"sample cell\n","Column9":"sample cell\n","Column10":"sample cell\n"},
{"Column1":"sample cell\n","Column2":"sample cell\n","Column3":"sample cell\n","Column4":"sample cell\n","Column5":"sample cell\n","Column6":"sample cell\n","Column7":"sample cell\n","Column8":"sample cell\n","Column9":"sample cell\n","Column10":"sample cell\n"},
{"Column1":"sample cell\n","Column2":"sample cell\n","Column3":"sample cell\n","Column4":"sample cell\n","Column5":"sample cell\n","Column6":"sample cell\n","Column7":"sample cell\n","Column8":"sample cell\n","Column9":"sample cell\n","Column10":"sample cell\n"},
{"Column1":"sample cell\n","Column2":"sample cell\n","Column3":"sample cell\n","Column4":"sample cell\n","Column5":"sample cell\n","Column6":"sample cell\n","Column7":"sample cell\n","Column8":"sample cell\n","Column9":"sample cell\n","Column10":"sample cell\n"},
{"Column1":"sample cell\n","Column2":"sample cell\n","Column3":"sample cell\n","Column4":"sample cell\n","Column5":"sample cell\n","Column6":"sample cell\n","Column7":"sample cell\n","Column8":"sample cell\n","Column9":"sample cell\n","Column10":"sample cell\n"},
{"Column1":"sample cell\n","Column2":"sample cell\n","Column3":"sample cell\n","Column4":"sample cell\n","Column5":"sample cell\n","Column6":"sample cell\n","Column7":"sample cell\n","Column8":"sample cell\n","Column9":"sample cell\n","Column10":"sample cell\n"},
{"Column1":"sample cell\n","Column2":"sample cell\n","Column3":"sample cell\n","Column4":"sample cell\n","Column5":"sample cell\n","Column6":"sample cell\n","Column7":"sample cell\n","Column8":"sample cell\n","Column9":"sample cell\n","Column10":"sample cell\n"},
{"Column1":"sample cell\n","Column2":"sample cell\n","Column3":"sample cell\n","Column4":"sample cell\n","Column5":"sample cell\n","Column6":"sample cell\n","Column7":"sample cell\n","Column8":"sample cell\n","Column9":"sample cell\n","Column10":"sample cell\n"}
]
