[
{"0":60,"1":true,"2":81,"3":87,"4":77,"5":78,"6":4,"7":31,"8":true,"9":false,"10":29,"11":true,"12":40,"13":true,"14":true,"15":64,"16":true,"17":46,"18":false,"19":62,"20":54,"21":26,"22":57,"23":false,"24":false,"25":true,"26":19,"27":false,"28":false,"29":30,"30":5,"31":true,"32":false,"33":32,"34":true,"35":false,"36":false,"37":true,"38":false,"39":93}
]
