[
{"Column1":"sample cell","Column2":"sample cell","Column3":"sample cell","Column4":"sample cell","Column5":"sample cell","Column6":"sample cell","Column7":"sample cell","Column8":"sample cell","Column9":"sample cell","Column10":"sample cell","Column11":"sample cell","Column12":"sample cell","Column13":"sample cell","Column14":"sample cell","Column15":"sample cell","Column16":"sample cell","Column17":"sample cell","Column18":"sample cell","Column19":"sample cell","Column20":"sample cell","Column21":"sample cell","Column22":"sample cell","Column23":"sample cell","Column24":"sample cell","Column25":"sample cell","Column26":"sample cell","Column27":"sample cell","Column28":"sample cell","Column29":"sample cell","Column30":"sample cell"},
{"Column1":"sample cell","Column2":"sample cell","Column3":"sample cell","Column4":"sample cell","Column5":"sample cell","Column6":"sample cell","Column7":"sample cell","Column8":"sample cell","Column9":"sample cell","Column10":"sample cell","Column11":"sample cell","Column12":"sample cell","Column13":"sample cell","Column14":"sample cell","Column15":"sample cell","Column16":"sample cell","Column17":"sample cell","Column18":"sample cell","Column19":"sample cell","Column20":"sample cell","Column21":"sample cell","Column22":"sample cell","Column23":"sample cell","Column24":"sample cell","Column25":"sample cell","Column26":"sample cell","Column27":"sample cell","Column28":"sample cell","Column29":"sample cell","Column30":"sample cell"},
{"Column1":"sample cell","Column2":"sample cell","Column3":"sample cell","Column4":"sample cell","Column5":"sample cell","Column6":"sample cell","Column7":"sample cell","Column8":"sample cell","Column9":"sample cell","Column10":"sample cell","Column11":"sample cell","Column12":"sample cell","Column13":"sample cell","Column14":"sample cell","Column15":"sample cell","Column16":"sample cell","Column17":"sample cell","Column18":"sample cell","Column19":"sample cell","Column20":"sample cell","Column21":"sample cell","Column22":"sample cell","Column23":"sample cell","Column24":"sample cell","Column25":"sample cell","Column26":"sample cell","Column27":"sample cell","Column28":"sample cell","Column29":"sample cell","Column30":"sample cell"},
{"Column1":"sample cell","Column2":"sample cell","Column3":"sample cell","Column4":"sample cell","Column5":"sample cell","Column6":"sample cell","Column7":"sample cell","Column8":"sample cell","Column9":"sample cell","Column10":"sample cell","Column11":"sample cell","Column12":"sample cell","Column13":"sample cell","Column14":"sample cell","Column15":"sample cell","Column16":"sample cell","Column17":"sample cell","Column18":"sample cell","Column19":"sample cell","Column20":"sample cell","Column21":"sample cell","Column22":"sample cell","Column23":"sample cell","Column24":"sample cell","Column25":"sample cell","Column26":"sample cell","Column27":"sample cell","Column28":"sample cell","Column29":"sample cell","Column30":"sample cell"},
{"Column1":"sample cell","Column2":"sample cell","Column3":"sample cell","Column4":"sample cell","Column5":"sample cell","Column6":"sample cell","Column7":"sample cell","Column8":"sample cell","Column9":"sample cell","Column10":"sample cell","Column11":"sample cell","Column12":"sample cell","Column13":"sample cell","Column14":"sample cell","Column15":"sample cell","Column16":"sample cell","Column17":"sample cell","Column18":"sample cell","Column19":"sample cell","Column20":"sample cell","Column21":"sample cell","Column22":"sample cell","Column23":"sample cell","Column24":"sample cell","Column25":"sample cell","Column26":"sample cell","Column27":"sample cell","Column28":"sample cell","Column29":"sample cell","Column30":"sample cell"},
{"Column1":"sample cell","Column2":"sample cell","Column3":"sample cell","Column4":"sample cell","Column5":"sample cell","Column6":"sample cell","Column7":"sample cell","Column8":"sample cell","Column9":"sample cell","Column10":"sample cell","Column11":"sample cell","Column12":"sample cell","Column13":"sample cell","Column14":"sample cell","Column15":"sample cell","Column16":"sample cell","Column17":"sample cell","Column18":"sample cell","Column19":"sample cell","Column20":"sample cell","Column21":"sample cell","Column22":"sample cell","Column23":"sample cell","Column24":"sample cell","Column25":"sample cell","Column26":"sample cell","Column27":"sample cell","Column28":"sample cell","Column29":"sample cell","Column30":"sample cell"},
{"Column1":"sample cell","Column2":"sample cell","Column3":"sample cell","Column4":"sample cell","Column5":"sample cell","Column6":"sample cell","Column7":"sample cell","Column8":"sample cell","Column9":"sample cell","Column10":"sample cell","Column11":"sample cell","Column12":"sample cell","Column13":"sample cell","Column14":"sample cell","Column15":"sample cell","Column16":"sample cell","Column17":"sample cell","Column18":"sample cell","Column19":"sample cell","Column20":"sample cell","Column21":"sample cell","Column22":"sample cell","Column23":"sample cell","Column24":"sample cell","Column25":"sample cell","Column26":"sample cell","Column27":"sample cell","Column28":"sample cell","Column29":"sample cell","Column30":"sample cell"},
{"Column1":"sample cell","Column2":"sample cell","Column3":"sample cell","Column4":"sample cell","Column5":"sample cell","Column6":"sample cell","Column7":"sample cell","Column8":"sample cell","Column9":"sample cell","Column10":"sample cell","Column11":"sample cell","Column12":"sample cell","Column13":"sample cell","Column14":"sample cell","Column15":"sample cell","Column16":"sample cell","Column17":"sample cell","Column18":"sample cell","Column19":"sample cell","Column20":"sample cell","Column21":"sample cell","Column22":"sample cell","Column23":"sample cell","Column24":"sample cell","Column25":"sample cell","Column26":"sample cell","Column27":"sample cell","Column28":"sample cell","Column29":"sample cell","Column30":"sample cell"},
{"Column1":"sample cell","Column2":"sample cell","Column3":"sample cell","Column4":"sample cell","Column5":"sample cell","Column6":"sample cell","Column7":"sample cell","Column8":"sample cell","Column9":"sample cell","Column10":"sample cell","Column11":"sample cell","Column12":"sample cell","Column13":"sample cell","Column14":"sample cell","Column15":"sample cell","Column16":"sample cell","Column17":"sample cell","Column18":"sample cell","Column19":"sample cell","Column20":"sample cell","Column21":"sample cell","Column22":"sample cell","Column23":"sample cell","Column24":"sample cell","Column25":"sample cell","Column26":"sample cell","Column27":"sample cell","Column28":"sample cell","Column29":"sample cell","Column30":"sample cell"},
{"Column1":"sample cell","Column2":"sample cell","Column3":"sample cell","Column4":"sample cell","Column5":"sample cell","Column6":"sample cell","Column7":"sample cell","Column8":"sample cell","Column9":"sample cell","Column10":"sample cell","Column11":"sample cell","Column12":"sample cell","Column13":"sample cell","Column14":"sample cell","Column15":"sample cell","Column16":"sample cell","Column17":"sample cell","Column18":"sample cell","Column19":"sample cell","Column20":"sample cell","Column21":"sample cell","Column22":"sample cell","Column23":"sample cell","Column24":"sample cell","Column25":"sample cell","Column26":"sample cell","Column27":"sample cell","Column28":"sample cell","Column29":"sample cell","Column30":"sample cell"},
{"Column1":"sample cell","Column2":"sample cell","Column3":"sample cell","Column4":"sample cell","Column5":"sample cell","Column6":"sample cell","Column7":"sample cell","Column8":"sample cell","Column9":"sample cell","Column10":"sample cell","Column11":"sample cell","Column12":"sample cell","Column13":"sample cell","Column14":"sample cell","Column15":"sample cell","Column16":"sample cell","Column17":"sample cell","Column18":"sample cell","Column19":"sample cell","Column20":"sample cell","Column21":"sample cell","Column22":"sample cell","Column23":"sample cell","Column24":"sample cell","Column25":"sample cell","Column26":"sample cell","Column27":"sample cell","Column28":"sample cell","Column29":"sample cell","Column30":"sample cell"},
{"Column1":"sample cell","Column2":"sample cell","Column3":"sample cell","Column4":"sample cell","Column5":"sample cell","Column6":"sample cell","Column7":"sample cell","Column8":"sample cell","Column9":"sample cell","Column10":"sample cell","Column11":"sample cell","Column12":"sample cell","Column13":"sample cell","Column14":"sample cell","Column15":"sample cell","Column16":"sample cell","Column17":"sample cell","Column18":"sample cell","Column19":"sample cell","Column20":"sample cell","Column21":"sample cell","Column22":"sample cell","Column23":"sample cell","Column24":"sample cell","Column25":"sample cell","Column26":"sample cell","Column27":"sample cell","Column28":"sample cell","Column29":"sample cell","Column30":"sample cell"},
{"Column1":"sample cell","Column2":"sample cell","Column3":"sample cell","Column4":"sample cell","Column5":"sample cell","Column6":"sample cell","Column7":"sample cell","Column8":"sample cell","Column9":"sample cell","Column10":"sample cell","Column11":"sample cell","Column12":"sample cell","Column13":"sample cell","Column14":"sample cell","Column15":"sample cell","Column16":"sample cell","Column17":"sample cell","Column18":"sample cell","Column19":"sample cell","Column20":"sample cell","Column21":"sample cell","Column22":"sample cell","Column23":"sample cell","Column24":"sample cell","Column25":"sample cell","Column26":"sample cell","Column27":"sample cell","Column28":"sample cell","Column29":"sample cell","Column30":"sample cell"},
{"Column1":"sample cell","Column2":"sample cell","Column3":"sample cell","Column4":"sample cell","Column5":"sample cell","Column6":"sample cell","Column7":"sample cell","Column8":"sample cell","Column9":"sample cell","Column10":"sample cell","Column11":"sample cell","Column12":"sample cell","Column13":"sample cell","Column14":"sample cell","Column15":"sample cell","Column16":"sample cell","Column17":"sample cell","Column18":"sample cell","Column19":"sample cell","Column20":"sample cell","Column21":"sample cell","Column22":"sample cell","Column23":"sample cell","Column24":"sample cell","Column25":"sample cell","Column26":"sample cell","Column27":"sample cell","Column28":"sample cell","Column29":"sample cell","Column30":"sample cell"},
{"Column1":"sample cell","Column2":"sample cell","Column3":"sample cell","Column4":"sample cell","Column5":"sample cell","Column6":"sample cell","Column7":"sample cell","Column8":"sample cell","Column9":"sample cell","Column10":"sample cell","Column11":"sample cell","Column12":"sample cell","Column13":"sample cell","Column14":"sample cell","Column15":"sample cell","Column16":"sample cell","Column17":"sample cell","Column18":"sample cell","Column19":"sample cell","Column20":"sample cell","Column21":"sample cell","Column22":"sample cell","Column23":"sample cell","Column24":"sample cell","Column25":"sample cell","Column26":"sample cell","Column27":"sample cell","Column28":"sample cell","Column29":"sample cell","Column30":"sample cell"},
{"Column1":"sample cell","Column2":"sample cell","Column3":"sample cell","Column4":"sample cell","Column5":"sample cell","Column6":"sample cell","Column7":"sample cell","Column8":"sample cell","Column9":"sample cell","Column10":"sample cell","Column11":"sample cell","Column12":"sample cell","Column13":"sample cell","Column14":"sample cell","Column15":"sample cell","Column16":"sample cell","Column17":"sample cell","Column18":"sample cell","Column19":"sample cell","Column20":"sample cell","Column21":"sample cell","Column22":"sample cell","Column23":"sample cell","Column24":"sample cell","Column25":"sample cell","Column26":"sample cell","Column27":"sample cell","Column28":"sample cell","Column29":"sample cell","Column30":"sample cell"},
{"Column1":"sample cell","Column2":"sample cell","Column3":"sample cell","Column4":"sample cell","Column5":"sample cell","Column6":"sample cell","Column7":"sample cell","Column8":"sample cell","Column9":"sample cell","Column10":"sample cell","Column11":"sample cell","Column12":"sample cell","Column13":"sample cell","Column14":"sample cell","Column15":"sample cell","Column16":"sample cell","Column17":"sample cell","Column18":"sample cell","Column19":"sample cell","Column20":"sample cell","Column21":"sample cell","Column22":"sample cell","Column23":"sample cell","Column24":"sample cell","Column25":"sample cell","Column26":"sample cell","Column27":"sample cell","Column28":"sample cell","Column29":"sample cell","Column30":"sample cell"},
{"Column1":"sample cell","Column2":"sample cell","Column3":"sample cell","Column4":"sample cell","Column5":"sample cell","Column6":"sample cell","Column7":"sample cell","Column8":"sample cell","Column9":"sample cell","Column10":"sample cell","Column11":"sample cell","Column12":"sample cell","Column13":"sample cell","Column14":"sample cell","Column15":"sample cell","Column16":"sample cell","Column17":"sample cell","Column18":"sample cell","Column19":"sample cell","Column20":"sample cell","Column21":"sample cell","Column22":"sample cell","Column23":"sample cell","Column24":"sample cell","Column25":"sample cell","Column26":"sample cell","Column27":"sample cell","Column28":"sample cell","Column29":"sample cell","Column30":"sample cell"},
{"Column1":"sample cell","Column2":"sample cell","Column3":"sample cell","Column4":"sample cell","Column5":"sample cell","Column6":"sample cell","Column7":"sample cell","Column8":"sample cell","Column9":"sample cell","Column10":"sample cell","Column11":"sample cell","Column12":"sample cell","Column13":"sample cell","Column14":"sample cell","Column15":"sample cell","Column16":"sample cell","Column17":"sample cell","Column18":"sample cell","Column19":"sample cell","Column20":"sample cell","Column21":"sample cell","Column22":"sample cell","Column23":"sample cell","Column24":"sample cell","Column25":"sample cell","Column26":"sample cell","Column27":"sample cell","Column28":"sample cell","Column29":"sample cell","Column30":"sample cell"},
{"Column1":"sample cell","Column2":"sample cell","Column3":"sample cell","Column4":"sample cell","Column5":"sample cell","Column6":"sample cell","Column7":"sample cell","Column8":"sample cell","Column9":"sample cell","Column10":"sample cell","Column11":"sample cell","Column12":"sample cell","Column13":"sample cell","Column14":"sample cell","Column15":"sample cell","Column16":"sample cell","Column17":"sample cell","Column18":"sample cell","Column19":"sample cell","Column20":"sample cell","Column21":"sample cell","Column22":"sample cell","Column23":"sample cell","Column24":"sample cell","Column25":"sample cell","Column26":"sample cell","Column27":"sample cell","Column28":"sample cell","Column29":"sample cell","Column30":"sample cell"},
{"Column1":"sample cell","Column2":"sample cell","Column3":"sample cell","Column4":"sample cell","Column5":"sample cell","Column6":"sample cell","Column7":"sample cell","Column8":"sample cell","Column9":"sample cell","Column10":"sample cell","Column11":"sample cell","Column12":"sample cell","Column13":"sample cell","Column14":"sample cell","Column15":"sample cell","Column16":"sample cell","Column17":"sample cell","Column18":"sample cell","Column19":"sample cell","Column20":"sample cell","Column21":"sample cell","Column22":"sample cell","Column23":"sample cell","Column24":"sample cell","Column25":"sample cell","Column26":"sample cell","Column27":"sample cell","Column28":"sample cell","Column29":"sample cell","Column30":"sample cell"},
{"Column1":"sample cell","Column2":"sample cell","Column3":"sample cell","Column4":"sample cell","Column5":"sample cell","Column6":"sample cell","Column7":"sample cell","Column8":"sample cell","Column9":"sample cell","Column10":"sample cell","Column11":"sample cell","Column12":"sample cell","Column13":"sample cell","Column14":"sample cell","Column15":"sample cell","Column16":"sample cell","Column17":"sample cell","Column18":"sample cell","Column19":"sample cell","Column20":"sample cell","Column21":"sample cell","Column22":"sample cell","Column23":"sample cell","Column24":"sample cell","Column25":"sample cell","Column26":"sample cell","Column27":"sample cell","Column28":"sample cell","Column29":"sample cell","Column30":"sample cell"},
{"Column1":"sample cell","Column2":"sample cell","Column3":"sample cell","Column4":"sample cell","Column5":"sample cell","Column6":"sample cell","Column7":"sample cell","Column8":"sample cell","Column9":"sample cell","Column10":"sample cell","Column11":"sample cell","Column12":"sample cell","Column13":"sample cell","Column14":"sample cell","Column15":"sample cell","Column16":"sample cell","Column17":"sample cell","Column18":"sample cell","Column19":"sample cell","Column20":"sample cell","Column21":"sample cell","Column22":"sample cell","Column23":"sample cell","Column24":"sample cell","Column25":"sample cell","Column26":"sample cell","Column27":"sample cell","Column28":"sample cell","Column29":"sample cell","Column30":"sample cell"},
{"Column1":"sample cell","Column2":"sample cell","Column3":"sample cell","Column4":"sample cell","Column5":"sample cell","Column6":"sample cell","Column7":"sample cell","Column8":"sample cell","Column9":"sample cell","Column10":"sample cell","Column11":"sample cell","Column12":"sample cell","Column13":"sample cell","Column14":"sample cell","Column15":"sample cell","Column16":"sample cell","Column17":"sample cell","Column18":"sample cell","Column19":"sample cell","Column20":"sample cell","Column21":"sample cell","Column22":"sample cell","Column23":"sample cell","Column24":"sample cell","Column25":"sample cell","Column26":"sample cell","Column27":"sample cell","Column28":"sample cell","Column29":"sample cell","Column30":"sample cell"},
{"Column1":"sample cell","Column2":"sample cell","Column3":"sample cell","Column4":"sample cell","Column5":"sample cell","Column6":"sample cell","Column7":"sample cell","Column8":"sample cell","Column9":"sample cell","Column10":"sample cell","Column11":"sample cell","Column12":"sample cell","Column13":"sample cell","Column14":"sample cell","Column15":"sample cell","Column16":"sample cell","Column17":"sample cell","Column18":"sample cell","Column19":"sample cell","Column20":"sample cell","Column21":"sample cell","Column22":"sample cell","Column23":"sample cell","Column24":"sample cell","Column25":"sample cell","Column26":"sample cell","Column27":"sample cell","Column28":"sample cell","Column29":"sample cell","Column30":"sample cell"},
{"Column1":"sample cell","Column2":"sample cell","Column3":"sample cell","Column4":"sample cell","Column5":"sample cell","Column6":"sample cell","Column7":"sample cell","Column8":"sample cell","Column9":"sample cell","Column10":"sample cell","Column11":"sample cell","Column12":"sample cell","Column13":"sample cell","Column14":"sample cell","Column15":"sample cell","Column16":"sample cell","Column17":"sample cell","Column18":"sample cell","Column19":"sample cell","Column20":"sample cell","Column21":"sample cell","Column22":"sample cell","Column23":"sample cell","Column24":"sample cell","Column25":"sample cell","Column26":"sample cell","Column27":"sample cell","Column28":"sample cell","Column29":"sample cell","Column30":"sample cell"},
{"Column1":"sample cell","Column2":"sample cell","Column3":"sample cell","Column4":"sample cell","Column5":"sample cell","Column6":"sample cell","Column7":"sample cell","Column8":"sample cell","Column9":"sample cell","Column10":"sample cell","Column11":"sample cell","Column12":"sample cell","Column13":"sample cell","Column14":"sample cell","Column15":"sample cell","Column16":"sample cell","Column17":"sample cell","Column18":"sample cell","Column19":"sample cell","Column20":"sample cell","Column21":"sample cell","Column22":"sample cell","Column23":"sample cell","Column24":"sample cell","Column25":"sample cell","Column26":"sample cell","Column27":"sample cell","Column28":"sample cell","Column29":"sample cell","Column30":"sample cell"},
{"Column1":"sample cell","Column2":"sample cell","Column3":"sample cell","Column4":"sample cell","Column5":"sample cell","Column6":"sample cell","Column7":"sample cell","Column8":"sample cell","Column9":"sample cell","Column10":"sample cell","Column11":"sample cell","Column12":"sample cell","Column13":"sample cell","Column14":"sample cell","Column15":"sample cell","Column16":"sample cell","Column17":"sample cell","Column18":"sample cell","Column19":"sample cell","Column20":"sample cell","Column21":"sample cell","Column22":"sample cell","Column23":"sample cell","Column24":"sample cell","Column25":"sample cell","Column26":"sample cell","Column27":"sample cell","Column28":"sample cell","Column29":"sample cell","Column30":"sample cell"},
{"Column1":"sample cell","Column2":"sample cell","Column3":"sample cell","Column4":"sample cell","Column5":"sample cell","Column6":"sample cell","Column7":"sample cell","Column8":"sample cell","Column9":"sample cell","Column10":"sample cell","Column11":"sample cell","Column12":"sample cell","Column13":"sample cell","Column14":"sample cell","Column15":"sample cell","Column16":"sample cell","Column17":"sample cell","Column18":"sample cell","Column19":"sample cell","Column20":"sample cell","Column21":"sample cell","Column22":"sample cell","Column23":"sample cell","Column24":"sample cell","Column25":"sample cell","Column26":"sample cell","Column27":"sample cell","Column28":"sample cell","Column29":"sample cell","Column30":"sample cell"},
{"Column1":"sample cell","Column2":"sample cell","Column3":"sample cell","Column4":"sample cell","Column5":"sample cell","Column6":"sample cell","Column7":"sample cell","Column8":"sample cell","Column9":"sample cell","Column10":"sample cell","Column11":"sample cell","Column12":"sample cell","Column13":"sample cell","Column14":"sample cell","Column15":"sample cell","Column16":"sample cell","Column17":"sample cell","Column18":"sample cell","Column19":"sample cell","Column20":"sample cell","Column21":"sample cell","Column22":"sample cell","Column23":"sample cell","Column24":"sample cell","Column25":"sample cell","Column26":"sample cell","Column27":"sample cell","Column28":"sample cell","Column29":"sample cell","Column30":"sample cell"}
]
