[
{"Column1":"","Column2":"","Column3":"","Column4":"","Column5":10,"Column6":false,"Column7":"","Column8":"","Column9":"","Column10":"","Column11":"","Column12":"","Column13":"","Column14":false,"Column15":19,"Column16":"","Column17":"","Column18":55,"Column19":false,"Column20":false},
{"Column1":11,"Column2":"","Column3":"","Column4":"","Column5":"","Column6":false,"Column7":"","Column8":"","Column9":"","Column10":false,"Column11":56,"Column12":"","Column13":29,"Column14":"","Column15":true,"Column16":63,"Column17":"","Column18":"","Column19":"","Column20":42},
{"Column1":true,"Column2":22,"Column3":55,"Column4":80,"Column5":10,"Column6":false,"Column7":23,"Column8":"","Column9":56,"Column10":60,"Column11":"","Column12":"","Column13":76,"Column14":"","Column15":54,"Column16":"","Column17":"","Column18":false,"Column19":8,"Column20":false},
{"Column1":"","Column2":"","Column3":"","Column4":"","Column5":61,"Column6":91,"Column7":19,"Column8":27,"Column9":"","Column10":false,"Column11":"","Column12":"","Column13":"","Column14":false,"Column15":"","Column16":false,"Column17":57,"Column18":7,"Column19":78,"Column20":""},
{"Column1":3,"Column2":"","Column3":false,"Column4":"","Column5":64,"Column6":"","Column7":"","Column8":"","Column9":"","Column10":"","Column11":9,"Column12":false,"Column13":"","Column14":26,"Column15":false,"Column16":"","Column17":"","Column18":"","Column19":"","Column20":""},
{"Column1":"","Column2":false,"Column3":62,"Column4":true,"Column5":true,"Column6":false,"Column7":78,"Column8":"","Column9":"","Column10":false,"Column11":23,"Column12":"","Column13":false,"Column14":"","Column15":63,"Column16":84,"Column17":"","Column18":"","Column19":true,"Column20":false},
{"Column1":"","Column2":false,"Column3":0,"Column4":"","Column5":84,"Column6":false,"Column7":"","Column8":"","Column9":false,"Column10":47,"Column11":"","Column12":75,"Column13":"","Column14":"","Column15":"","Column16":false,"Column17":"","Column18":true,"Column19":"","Column20":""},
{"Column1":"","Column2":50,"Column3":"","Column4":true,"Column5":true,"Column6":false,"Column7":"","Column8":false,"Column9":"","Column10":61,"Column11":88,"Column12":"","Column13":11,"Column14":"","Column15":false,"Column16":"","Column17":"","Column18":56,"Column19":"","Column20":29},
{"Column1":true,"Column2":"","Column3":"","Column4":"","Column5":"","Column6":"","Column7":32,"Column8":false,"Column9":"","Column10":"","Column11":"","Column12":false,"Column13":false,"Column14":"","Column15":"","Column16":true,"Column17":true,"Column18":true,"Column19":"","Column20":""},
{"Column1":false,"Column2":86,"Column3":12,"Column4":"","Column5":"","Column6":"","Column7":"","Column8":"","Column9":"","Column10":"","Column11":"","Column12":"","Column13":"","Column14":true,"Column15":false,"Column16":"","Column17":"","Column18":"","Column19":"","Column20":""},
{"Column1":32,"Column2":"","Column3":59,"Column4":93,"Column5":"","Column6":"","Column7":true,"Column8":69,"Column9":false,"Column10":"","Column11":"","Column12":"","Column13":false,"Column14":"","Column15":true,"Column16":true,"Column17":31,"Column18":"","Column19":"","Column20":false},
{"Column1":true,"Column2":"","Column3":"","Column4":"","Column5":"","Column6":"","Column7":"","Column8":"","Column9":74,"Column10":true,"Column11":35,"Column12":false,"Column13":72,"Column14":"","Column15":"","Column16":"","Column17":true,"Column18":"","Column19":"","Column20":""},
{"Column1":"","Column2":21,"Column3":true,"Column4":false,"Column5":70,"Column6":"","Column7":"","Column8":"","Column9":1,"Column10":8,"Column11":true,"Column12":40,"Column13":true,"Column14":63,"Column15":2,"Column16":"","Column17":41,"Column18":17,"Column19":44,"Column20":false},
{"Column1":22,"Column2":"","Column3":"","Column4":"","Column5":"","Column6":"","Column7":"","Column8":"","Column9":true,"Column10":66,"Column11":false,"Column12":"","Column13":"","Column14":70,"Column15":"","Column16":"","Column17":"","Column18":24,"Column19":"","Column20":""},
{"Column1":1,"Column2":"","Column3":"","Column4":96,"Column5":"","Column6":true,"Column7":"","Column8":true,"Column9":false,"Column10":false,"Column11":58,"Column12":"","Column13":false,"Column14":58,"Column15":53,"Column16":"","Column17":"","Column18":"","Column19":false,"Column20":false},
{"Column1":2,"Column2":39,"Column3":"","Column4":"","Column5":0,"Column6":"","Column7":true,"Column8":true,"Column9":"","Column10":false,"Column11":47,"Column12":4,"Column13":57,"Column14":"","Column15":"","Column16":"","Column17":81,"Column18":false,"Column19":"","Column20":false},
{"Column1":"","Column2":"","Column3":"","Column4":"","Column5":"","Column6":94,"Column7":"","Column8":"","Column9":"","Column10":"","Column11":34,"Column12":false,"Column13":"","Column14":"","Column15":"","Column16":"","Column17":true,"Column18":"","Column19":false,"Column20":true},
{"Column1":75,"Column2":false,"Column3":"","Column4":"","Column5":"","Column6":"","Column7":"","Column8":"","Column9":true,"Column10":"","Column11":62,"Column12":false,"Column13":"","Column14":false,"Column15":false,"Column16":false,"Column17":false,"Column18":"","Column19":true,"Column20":""},
{"Column1":false,"Column2":"","Column3":false,"Column4":"","Column5":96,"Column6":26,"Column7":15,"Column8":19,"Column9":34,"Column10":3,"Column11":43,"Column12":"","Column13":81,"Column14":"","Column15":"","Column16":25,"Column17":12,"Column18":"","Column19":51,"Column20":false},
{"Column1":true,"Column2":"","Column3":89,"Column4":"","Column5":false,"Column6":"","Column7":"","Column8":"","Column9":45,"Column10":"","Column11":false,"Column12":"","Column13":"","Column14":"","Column15":"","Column16":"","Column17":37,"Column18":"","Column19":"","Column20":""},
{"Column1":"","Column2":"","Column3":"","Column4":94,"Column5":17,"Column6":70,"Column7":96,"Column8":69,"Column9":"","Column10":"","Column11":48,"Column12":"","Column13":89,"Column14":true,"Column15":false,"Column16":"","Column17":"","Column18":7,"Column19":"","Column20":""},
{"Column1":"","Column2":7,"Column3":80,"Column4":7,"Column5":53,"Column6":65,"Column7":"","Column8":52,"Column9":"","Column10":86,"Column11":51,"Column12":"","Column13":62,"Column14":"","Column15":"","Column16":"","Column17":"","Column18":35,"Column19":61,"Column20":true},
{"Column1":45,"Column2":"","Column3":false,"Column4":true,"Column5":"","Column6":"","Column7":"","Column8":false,"Column9":"","Column10":"","Column11":"","Column12":"","Column13":"","Column14":93,"Column15":51,"Column16":"","Column17":59,"Column18":"","Column19":true,"Column20":""},
{"Column1":"","Column2":"","Column3":"","Column4":49,"Column5":"","Column6":true,"Column7":"","Column8":"","Column9":"","Column10":"","Column11":true,"Column12":"","Column13":"","Column14":63,"Column15":39,"Column16":9,"Column17":"","Column18":"","Column19":"","Column20":88},
{"Column1":"","Column2":24,"Column3":true,"Column4":"","Column5":true,"Column6":"","Column7":"","Column8":"","Column9":31,"Column10":true,"Column11":26,"Column12":83,"Column13":"","Column14":54,"Column15":"","Column16":19,"Column17":false,"Column18":"","Column19":"","Column20":81},
{"Column1":"","Column2":"","Column3":"","Column4":"","Column5":false,"Column6":"","Column7":82,"Column8":42,"Column9":17,"Column10":"","Column11":false,"Column12":false,"Column13":"","Column14":"","Column15":false,"Column16":"","Column17":false,"Column18":90,"Column19":"","Column20":false},
{"Column1":"","Column2":4,"Column3":"","Column4":"","Column5":44,"Column6":"","Column7":"","Column8":false,"Column9":false,"Column10":true,"Column11":false,"Column12":98,"Column13":"","Column14":"","Column15":10,"Column16":"","Column17":"","Column18":true,"Column19":"","Column20":false},
{"Column1":62,"Column2":43,"Column3":"","Column4":false,"Column5":"","Column6":"","Column7":67,"Column8":68,"Column9":true,"Column10":3,"Column11":"","Column12":26,"Column13":"","Column14":true,"Column15":true,"Column16":true,"Column17":"","Column18":89,"Column19":15,"Column20":""},
{"Column1":"","Column2":78,"Column3":28,"Column4":false,"Column5":false,"Column6":"","Column7":49,"Column8":0,"Column9":"","Column10":"","Column11":"","Column12":"","Column13":"","Column14":"","Column15":88,"Column16":28,"Column17":11,"Column18":8,"Column19":"","Column20":true},
{"Column1":"","Column2":"","Column3":"","Column4":"","Column5":"","Column6":"","Column7":"","Column8":13,"Column9":6,"Column10":false,"Column11":"","Column12":"","Column13":"","Column14":"","Column15":true,"Column16":"","Column17":"","Column18":true,"Column19":false,"Column20":""}
]
