[
{"Column1":"","Column2":"sample cell\"","Column3":"sample cell\"","Column4":"","Column5":"","Column6":"sample cell\"","Column7":"sample cell\"","Column8":"","Column9":"sample cell\"","Column10":""},
{"Column1":"sample cell\"","Column2":"","Column3":"sample cell\"","Column4":"","Column5":"","Column6":"sample cell\"","Column7":"","Column8":"sample cell\"","Column9":"","Column10":""},
{"Column1":"sample cell\"","Column2":"sample cell\"","Column3":"sample cell\"","Column4":"sample cell\"","Column5":"sample cell\"","Column6":"","Column7":"","Column8":"sample cell\"","Column9":"sample cell\"","Column10":"sample cell\""},
{"Column1":"sample cell\"","Column2":"sample cell\"","Column3":"sample cell\"","Column4":"sample cell\"","Column5":"sample cell\"","Column6":"sample cell\"","Column7":"","Column8":"sample cell\"","Column9":"","Column10":"sample cell\""},
{"Column1":"","Column2":"sample cell\"","Column3":"sample cell\"","Column4":"sample cell\"","Column5":"","Column6":"","Column7":"","Column8":"","Column9":"sample cell\"","Column10":"sample cell\""},
{"Column1":"sample cell\"","Column2":"","Column3":"sample cell\"","Column4":"","Column5":"","Column6":"sample cell\"","Column7":"sample cell\"","Column8":"","Column9":"sample cell\"","Column10":"sample cell\""},
{"Column1":"sample cell\"","Column2":"sample cell\"","Column3":"sample cell\"","Column4":"","Column5":"sample cell\"","Column6":"sample cell\"","Column7":"","Column8":"sample cell\"","Column9":"","Column10":"sample cell\""},
{"Column1":"sample cell\"","Column2":"sample cell\"","Column3":"","Column4":"sample cell\"","Column5":"","Column6":"sample cell\"","Column7":"sample cell\"","Column8":"sample cell\"","Column9":"","Column10":""},
{"Column1":"sample cell\"","Column2":"sample cell\"","Column3":"","Column4":"sample cell\"","Column5":"","Column6":"","Column7":"sample cell\"","Column8":"sample cell\"","Column9":"","Column10":"sample cell\""},
{"Column1":"sample cell\"","Column2":"sample cell\"","Column3":"","Column4":"","Column5":"sample cell\"","Column6":"sample cell\"","Column7":"sample cell\"","Column8":"","Column9":"sample cell\"","Column10":"sample cell\""}
]
