[
{"Column1":"true","Column2":"false","Column3":"","Column4":"","Column5":"","Column6":"","Column7":"","Column8":"","Column9":"","Column10":"true"}
]
